// Jest Snapshot v1, https://goo.gl/fbAQLP

exports[`pruebas en el <CounterApp/>  debe mostrar los valores correctamente de <CounterApp/> en snapshot  1`] = `
<Fragment>
  <h1>
    CounterApp
  </h1>
  <h2>
    10
  </h2>
  <button
    onClick={[Function]}
  >
    1+
  </button>
  <button
    onClick={[Function]}
  >
    -1
  </button>
  <button
    onClick={[Function]}
  >
    reset
  </button>
</Fragment>
`;
